Archive member included because of file (symbol)

c:/ac6/systemworkbench/plugins/fr.ac6.mcu.externaltools.arm-none.win32_1.2.0.201505291716/tools/compiler/bin/../lib/gcc/arm-none-eabi/4.9.3/../../../../arm-none-eabi/lib/armv7e-m\libc.a(lib_a-errno.o)
                              src/syscalls.o (__errno)
c:/ac6/systemworkbench/plugins/fr.ac6.mcu.externaltools.arm-none.win32_1.2.0.201505291716/tools/compiler/bin/../lib/gcc/arm-none-eabi/4.9.3/../../../../arm-none-eabi/lib/armv7e-m\libc.a(lib_a-exit.o)
                              c:/ac6/systemworkbench/plugins/fr.ac6.mcu.externaltools.arm-none.win32_1.2.0.201505291716/tools/compiler/bin/../lib/gcc/arm-none-eabi/4.9.3/../../../../arm-none-eabi/lib/armv7e-m/crt0.o (exit)
c:/ac6/systemworkbench/plugins/fr.ac6.mcu.externaltools.arm-none.win32_1.2.0.201505291716/tools/compiler/bin/../lib/gcc/arm-none-eabi/4.9.3/../../../../arm-none-eabi/lib/armv7e-m\libc.a(lib_a-impure.o)
                              c:/ac6/systemworkbench/plugins/fr.ac6.mcu.externaltools.arm-none.win32_1.2.0.201505291716/tools/compiler/bin/../lib/gcc/arm-none-eabi/4.9.3/../../../../arm-none-eabi/lib/armv7e-m\libc.a(lib_a-exit.o) (_global_impure_ptr)
c:/ac6/systemworkbench/plugins/fr.ac6.mcu.externaltools.arm-none.win32_1.2.0.201505291716/tools/compiler/bin/../lib/gcc/arm-none-eabi/4.9.3/../../../../arm-none-eabi/lib/armv7e-m\libc.a(lib_a-init.o)
                              c:/ac6/systemworkbench/plugins/fr.ac6.mcu.externaltools.arm-none.win32_1.2.0.201505291716/tools/compiler/bin/../lib/gcc/arm-none-eabi/4.9.3/../../../../arm-none-eabi/lib/armv7e-m/crt0.o (__libc_init_array)
c:/ac6/systemworkbench/plugins/fr.ac6.mcu.externaltools.arm-none.win32_1.2.0.201505291716/tools/compiler/bin/../lib/gcc/arm-none-eabi/4.9.3/../../../../arm-none-eabi/lib/armv7e-m\libc.a(lib_a-memset.o)
                              c:/ac6/systemworkbench/plugins/fr.ac6.mcu.externaltools.arm-none.win32_1.2.0.201505291716/tools/compiler/bin/../lib/gcc/arm-none-eabi/4.9.3/../../../../arm-none-eabi/lib/armv7e-m/crt0.o (memset)
c:/ac6/systemworkbench/plugins/fr.ac6.mcu.externaltools.arm-none.win32_1.2.0.201505291716/tools/compiler/bin/../lib/gcc/arm-none-eabi/4.9.3/../../../../arm-none-eabi/lib/armv7e-m\libc.a(lib_a-__call_atexit.o)
                              c:/ac6/systemworkbench/plugins/fr.ac6.mcu.externaltools.arm-none.win32_1.2.0.201505291716/tools/compiler/bin/../lib/gcc/arm-none-eabi/4.9.3/../../../../arm-none-eabi/lib/armv7e-m\libc.a(lib_a-exit.o) (__call_exitprocs)
c:/ac6/systemworkbench/plugins/fr.ac6.mcu.externaltools.arm-none.win32_1.2.0.201505291716/tools/compiler/bin/../lib/gcc/arm-none-eabi/4.9.3/../../../../arm-none-eabi/lib/armv7e-m\libc.a(lib_a-atexit.o)
                              c:/ac6/systemworkbench/plugins/fr.ac6.mcu.externaltools.arm-none.win32_1.2.0.201505291716/tools/compiler/bin/../lib/gcc/arm-none-eabi/4.9.3/../../../../arm-none-eabi/lib/armv7e-m\libc.a(lib_a-__call_atexit.o) (atexit)
c:/ac6/systemworkbench/plugins/fr.ac6.mcu.externaltools.arm-none.win32_1.2.0.201505291716/tools/compiler/bin/../lib/gcc/arm-none-eabi/4.9.3/../../../../arm-none-eabi/lib/armv7e-m\libc.a(lib_a-fini.o)
                              c:/ac6/systemworkbench/plugins/fr.ac6.mcu.externaltools.arm-none.win32_1.2.0.201505291716/tools/compiler/bin/../lib/gcc/arm-none-eabi/4.9.3/../../../../arm-none-eabi/lib/armv7e-m\libc.a(lib_a-__call_atexit.o) (__libc_fini_array)
c:/ac6/systemworkbench/plugins/fr.ac6.mcu.externaltools.arm-none.win32_1.2.0.201505291716/tools/compiler/bin/../lib/gcc/arm-none-eabi/4.9.3/../../../../arm-none-eabi/lib/armv7e-m\libc.a(lib_a-__atexit.o)
                              c:/ac6/systemworkbench/plugins/fr.ac6.mcu.externaltools.arm-none.win32_1.2.0.201505291716/tools/compiler/bin/../lib/gcc/arm-none-eabi/4.9.3/../../../../arm-none-eabi/lib/armv7e-m\libc.a(lib_a-atexit.o) (__register_exitproc)

Discarded input sections

 .text          0x00000000        0x0 c:/ac6/systemworkbench/plugins/fr.ac6.mcu.externaltools.arm-none.win32_1.2.0.201505291716/tools/compiler/bin/../lib/gcc/arm-none-eabi/4.9.3/armv7e-m/crti.o
 .data          0x00000000        0x0 c:/ac6/systemworkbench/plugins/fr.ac6.mcu.externaltools.arm-none.win32_1.2.0.201505291716/tools/compiler/bin/../lib/gcc/arm-none-eabi/4.9.3/armv7e-m/crti.o
 .bss           0x00000000        0x0 c:/ac6/systemworkbench/plugins/fr.ac6.mcu.externaltools.arm-none.win32_1.2.0.201505291716/tools/compiler/bin/../lib/gcc/arm-none-eabi/4.9.3/armv7e-m/crti.o
 .data          0x00000000        0x4 c:/ac6/systemworkbench/plugins/fr.ac6.mcu.externaltools.arm-none.win32_1.2.0.201505291716/tools/compiler/bin/../lib/gcc/arm-none-eabi/4.9.3/armv7e-m/crtbegin.o
 .text          0x00000000       0x74 c:/ac6/systemworkbench/plugins/fr.ac6.mcu.externaltools.arm-none.win32_1.2.0.201505291716/tools/compiler/bin/../lib/gcc/arm-none-eabi/4.9.3/../../../../arm-none-eabi/lib/armv7e-m/crt0.o
[...]
Memory Configuration

Name             Origin             Length             Attributes
FLASH            0x08000000         0x00010000         xr
RAM              0x20000000         0x00003000         xrw
MEMORY_B1        0x60000000         0x00000000         xr
CCMRAM           0x10000000         0x00002000         rw
*default*        0x00000000         0xffffffff

Linker script and memory map

LOAD c:/ac6/systemworkbench/plugins/fr.ac6.mcu.externaltools.arm-none.win32_1.2.0.201505291716/tools/compiler/bin/../lib/gcc/arm-none-eabi/4.9.3/armv7e-m/crti.o
LOAD c:/ac6/systemworkbench/plugins/fr.ac6.mcu.externaltools.arm-none.win32_1.2.0.201505291716/tools/compiler/bin/../lib/gcc/arm-none-eabi/4.9.3/armv7e-m/crtbegin.o
LOAD c:/ac6/systemworkbench/plugins/fr.ac6.mcu.externaltools.arm-none.win32_1.2.0.201505291716/tools/compiler/bin/../lib/gcc/arm-none-eabi/4.9.3/../../../../arm-none-eabi/lib/armv7e-m/crt0.o
LOAD c:/ac6/systemworkbench/plugins/fr.ac6.mcu.externaltools.arm-none.win32_1.2.0.201505291716/tools/compiler/bin/../lib/gcc/arm-none-eabi/4.9.3/../../../../arm-none-eabi/lib/armv7e-m\libm.a
LOAD startup/startup_stm32f334x8.o
LOAD src/main.o
LOAD src/syscalls.o
LOAD src/system_stm32f30x.o
LOAD Utilities/stm32f3348_discovery.o
LOAD StdPeriph_Driver/src/stm32f30x_adc.o
LOAD StdPeriph_Driver/src/stm32f30x_can.o
LOAD StdPeriph_Driver/src/stm32f30x_comp.o
LOAD StdPeriph_Driver/src/stm32f30x_crc.o
LOAD StdPeriph_Driver/src/stm32f30x_dac.o
LOAD StdPeriph_Driver/src/stm32f30x_dbgmcu.o
LOAD StdPeriph_Driver/src/stm32f30x_dma.o
LOAD StdPeriph_Driver/src/stm32f30x_exti.o
LOAD StdPeriph_Driver/src/stm32f30x_flash.o
LOAD StdPeriph_Driver/src/stm32f30x_gpio.o
LOAD StdPeriph_Driver/src/stm32f30x_hrtim.o
LOAD StdPeriph_Driver/src/stm32f30x_i2c.o
LOAD StdPeriph_Driver/src/stm32f30x_iwdg.o
LOAD StdPeriph_Driver/src/stm32f30x_misc.o
LOAD StdPeriph_Driver/src/stm32f30x_opamp.o
LOAD StdPeriph_Driver/src/stm32f30x_pwr.o
LOAD StdPeriph_Driver/src/stm32f30x_rcc.o
LOAD StdPeriph_Driver/src/stm32f30x_rtc.o
LOAD StdPeriph_Driver/src/stm32f30x_spi.o
LOAD StdPeriph_Driver/src/stm32f30x_syscfg.o
LOAD StdPeriph_Driver/src/stm32f30x_tim.o
LOAD StdPeriph_Driver/src/stm32f30x_usart.o
LOAD StdPeriph_Driver/src/stm32f30x_wwdg.o
START GROUP
LOAD c:/ac6/systemworkbench/plugins/fr.ac6.mcu.externaltools.arm-none.win32_1.2.0.201505291716/tools/compiler/bin/../lib/gcc/arm-none-eabi/4.9.3/armv7e-m\libgcc.a
LOAD c:/ac6/systemworkbench/plugins/fr.ac6.mcu.externaltools.arm-none.win32_1.2.0.201505291716/tools/compiler/bin/../lib/gcc/arm-none-eabi/4.9.3/../../../../arm-none-eabi/lib/armv7e-m\libc.a
END GROUP
LOAD c:/ac6/systemworkbench/plugins/fr.ac6.mcu.externaltools.arm-none.win32_1.2.0.201505291716/tools/compiler/bin/../lib/gcc/arm-none-eabi/4.9.3/armv7e-m/crtend.o
LOAD c:/ac6/systemworkbench/plugins/fr.ac6.mcu.externaltools.arm-none.win32_1.2.0.201505291716/tools/compiler/bin/../lib/gcc/arm-none-eabi/4.9.3/armv7e-m/crtn.o
                0x20003000                _estack = 0x20003000
                0x00000200                _Min_Heap_Size = 0x200
                0x00000400                _Min_Stack_Size = 0x400

.isr_vector     0x08000000      0x188
                0x08000000                . = ALIGN (0x4)
 *(.isr_vector)
 .isr_vector    0x08000000      0x188 startup/startup_stm32f334x8.o
                0x08000000                g_pfnVectors
                0x08000188                . = ALIGN (0x4)

.text           0x08000188      0xfa8
                0x08000188                . = ALIGN (0x4)
 *(.text)
 .text          0x08000188       0x5c c:/ac6/systemworkbench/plugins/fr.ac6.mcu.externaltools.arm-none.win32_1.2.0.201505291716/tools/compiler/bin/../lib/gcc/arm-none-eabi/4.9.3/armv7e-m/crtbegin.o
 *(.text*)
 .text.Reset_Handler
                0x080001e4       0x50 startup/startup_stm32f334x8.o
                0x080001e4                Reset_Handler
 .text.Default_Handler
                0x08000234        0x2 startup/startup_stm32f334x8.o
                0x08000234                RTC_Alarm_IRQHandler
                0x08000234                HRTIM1_Master_IRQHandler
                0x08000234                DebugMon_Handler
                0x08000234                TIM1_CC_IRQHandler
                0x08000234                HardFault_Handler
                0x08000234                HRTIM1_FLT_IRQHandler
                0x08000234                PVD_IRQHandler
                0x08000234                HRTIM1_TIMD_IRQHandler
                0x08000234                PendSV_Handler
                0x08000234                NMI_Handler
                0x08000234                EXTI3_IRQHandler
                0x08000234                EXTI0_IRQHandler
                0x08000234                CAN1_RX0_IRQHandler
                0x08000234                FPU_IRQHandler
                0x08000234                EXTI2_TS_IRQHandler
                0x08000234                TIM1_UP_TIM16_IRQHandler
                0x08000234                UsageFault_Handler
                0x08000234                ADC1_2_IRQHandler
                0x08000234                HRTIM1_TIME_IRQHandler
                0x08000234                SPI1_IRQHandler
                0x08000234                HRTIM1_TIMC_IRQHandler
                0x08000234                DMA1_Channel4_IRQHandler
                0x08000234                USART3_IRQHandler
                0x08000234                DMA1_Channel7_IRQHandler
                0x08000234                TIM7_DAC2_IRQHandler
                0x08000234                CAN1_RX1_IRQHandler
                0x08000234                I2C1_EV_IRQHandler
                0x08000234                DMA1_Channel6_IRQHandler
                0x08000234                TIM3_IRQHandler
                0x08000234                RCC_IRQHandler
                0x08000234                DMA1_Channel1_IRQHandler
                0x08000234                Default_Handler
                0x08000234                EXTI15_10_IRQHandler
                0x08000234                COMP2_IRQHandler
                0x08000234                HRTIM1_TIMA_IRQHandler
                0x08000234                TIM6_DAC1_IRQHandler
                0x08000234                EXTI9_5_IRQHandler
                0x08000234                TAMPER_STAMP_IRQHandler
                0x08000234                RTC_WKUP_IRQHandler
                0x08000234                MemManage_Handler
                0x08000234                CAN1_TX_IRQHandler
                0x08000234                SVC_Handler
                0x08000234                DMA1_Channel5_IRQHandler
                0x08000234                EXTI4_IRQHandler
                0x08000234                HRTIM1_TIMB_IRQHandler
                0x08000234                TIM1_TRG_COM_TIM17_IRQHandler
                0x08000234                DMA1_Channel3_IRQHandler
                0x08000234                WWDG_IRQHandler
                0x08000234                TIM2_IRQHandler
                0x08000234                EXTI1_IRQHandler
                0x08000234                COMP4_6_IRQHandler
                0x08000234                USART2_IRQHandler
                0x08000234                DMA1_Channel2_IRQHandler
                0x08000234                CAN1_SCE_IRQHandler
                0x08000234                FLASH_IRQHandler
                0x08000234                BusFault_Handler
                0x08000234                USART1_IRQHandler
                0x08000234                I2C1_ER_IRQHandler
                0x08000234                TIM1_BRK_TIM15_IRQHandler
 *fill*         0x08000236        0x2 
 .text.HRTIM_Init
                0x08000238       0xfc src/main.o
 .text.AFE_Init
                0x08000334      0x114 src/main.o
 .text.DAC_Update
                0x08000448       0x38 src/main.o
 .text.main     0x08000480       0xe4 src/main.o
                0x08000480                main
 .text.SysTick_Handler
                0x08000564       0x1c src/main.o
                0x08000564                SysTick_Handler
 .text.SystemInit
                0x08000580       0x80 src/system_stm32f30x.o
                0x08000580                SystemInit
 .text.SetSysClock
                0x08000600       0xe0 src/system_stm32f30x.o
 .text.STM_EVAL_PBInit
                0x080006e0       0x94 Utilities/stm32f3348_discovery.o
                0x080006e0                STM_EVAL_PBInit
 .text.STM_EVAL_PBGetState
                0x08000774       0x2c Utilities/stm32f3348_discovery.o
                0x08000774                STM_EVAL_PBGetState
 .text.COMP_Init
                0x080007a0       0x68 StdPeriph_Driver/src/stm32f30x_comp.o
                0x080007a0                COMP_Init
 .text.COMP_StructInit
                0x08000808       0x3c StdPeriph_Driver/src/stm32f30x_comp.o
                0x08000808                COMP_StructInit
 .text.COMP_Cmd
                0x08000844       0x50 StdPeriph_Driver/src/stm32f30x_comp.o
                0x08000844                COMP_Cmd
 .text.DAC_Init
                0x08000894       0x64 StdPeriph_Driver/src/stm32f30x_dac.o
                0x08000894                DAC_Init
 .text.DAC_Cmd  0x080008f8       0x48 StdPeriph_Driver/src/stm32f30x_dac.o
                0x080008f8                DAC_Cmd
 .text.DAC_SoftwareTriggerCmd
                0x08000940       0x4c StdPeriph_Driver/src/stm32f30x_dac.o
                0x08000940                DAC_SoftwareTriggerCmd
 .text.DAC_SetChannel1Data
                0x0800098c       0x34 StdPeriph_Driver/src/stm32f30x_dac.o
                0x0800098c                DAC_SetChannel1Data
 .text.EXTI_Init
                0x080009c0      0x1f4 StdPeriph_Driver/src/stm32f30x_exti.o
                0x080009c0                EXTI_Init
 .text.GPIO_Init
                0x08000bb4      0x130 StdPeriph_Driver/src/stm32f30x_gpio.o
                0x08000bb4                GPIO_Init
 .text.GPIO_ReadInputDataBit
                0x08000ce4       0x38 StdPeriph_Driver/src/stm32f30x_gpio.o
                0x08000ce4                GPIO_ReadInputDataBit
 .text.GPIO_PinAFConfig
                0x08000d1c       0x90 StdPeriph_Driver/src/stm32f30x_gpio.o
                0x08000d1c                GPIO_PinAFConfig
 .text.NVIC_Init
                0x08000dac       0xc4 StdPeriph_Driver/src/stm32f30x_misc.o
                0x08000dac                NVIC_Init
 .text.RCC_HRTIM1CLKConfig
                0x08000e70       0x30 StdPeriph_Driver/src/stm32f30x_rcc.o
                0x08000e70                RCC_HRTIM1CLKConfig
 .text.RCC_AHBPeriphClockCmd
                0x08000ea0       0x3c StdPeriph_Driver/src/stm32f30x_rcc.o
                0x08000ea0                RCC_AHBPeriphClockCmd
 .text.RCC_APB2PeriphClockCmd
                0x08000edc       0x3c StdPeriph_Driver/src/stm32f30x_rcc.o
                0x08000edc                RCC_APB2PeriphClockCmd
 .text.RCC_APB1PeriphClockCmd
                0x08000f18       0x3c StdPeriph_Driver/src/stm32f30x_rcc.o
                0x08000f18                RCC_APB1PeriphClockCmd
 .text.SYSCFG_EXTILineConfig
                0x08000f54       0x84 StdPeriph_Driver/src/stm32f30x_syscfg.o
                0x08000f54                SYSCFG_EXTILineConfig
 .text.__libc_init_array
                0x08000fd8       0x50 c:/ac6/systemworkbench/plugins/fr.ac6.mcu.externaltools.arm-none.win32_1.2.0.201505291716/tools/compiler/bin/../lib/gcc/arm-none-eabi/4.9.3/../../../../arm-none-eabi/lib/armv7e-m\libc.a(lib_a-init.o)
                0x08000fd8                __libc_init_array
 .text.startup.register_fini
                0x08001028       0x14 c:/ac6/systemworkbench/plugins/fr.ac6.mcu.externaltools.arm-none.win32_1.2.0.201505291716/tools/compiler/bin/../lib/gcc/arm-none-eabi/4.9.3/../../../../arm-none-eabi/lib/armv7e-m\libc.a(lib_a-__call_atexit.o)
 .text.atexit   0x0800103c        0xc c:/ac6/systemworkbench/plugins/fr.ac6.mcu.externaltools.arm-none.win32_1.2.0.201505291716/tools/compiler/bin/../lib/gcc/arm-none-eabi/4.9.3/../../../../arm-none-eabi/lib/armv7e-m\libc.a(lib_a-atexit.o)
                0x0800103c                atexit
 .text.__libc_fini_array
                0x08001048       0x2c c:/ac6/systemworkbench/plugins/fr.ac6.mcu.externaltools.arm-none.win32_1.2.0.201505291716/tools/compiler/bin/../lib/gcc/arm-none-eabi/4.9.3/../../../../arm-none-eabi/lib/armv7e-m\libc.a(lib_a-fini.o)
                0x08001048                __libc_fini_array
 .text.__register_exitproc
                0x08001074       0xa4 c:/ac6/systemworkbench/plugins/fr.ac6.mcu.externaltools.arm-none.win32_1.2.0.201505291716/tools/compiler/bin/../lib/gcc/arm-none-eabi/4.9.3/../../../../arm-none-eabi/lib/armv7e-m\libc.a(lib_a-__atexit.o)
                0x08001074                __register_exitproc
 *(.glue_7)
 .glue_7        0x00000000        0x0 linker stubs
 *(.glue_7t)
 .glue_7t       0x00000000        0x0 linker stubs
 *(.eh_frame)
 .eh_frame      0x08001118        0x0 c:/ac6/systemworkbench/plugins/fr.ac6.mcu.externaltools.arm-none.win32_1.2.0.201505291716/tools/compiler/bin/../lib/gcc/arm-none-eabi/4.9.3/armv7e-m/crtbegin.o
 *(.init)
 .init          0x08001118        0x4 c:/ac6/systemworkbench/plugins/fr.ac6.mcu.externaltools.arm-none.win32_1.2.0.201505291716/tools/compiler/bin/../lib/gcc/arm-none-eabi/4.9.3/armv7e-m/crti.o
                0x08001118                _init
 .init          0x0800111c        0x8 c:/ac6/systemworkbench/plugins/fr.ac6.mcu.externaltools.arm-none.win32_1.2.0.201505291716/tools/compiler/bin/../lib/gcc/arm-none-eabi/4.9.3/armv7e-m/crtn.o
 *(.fini)
 .fini          0x08001124        0x4 c:/ac6/systemworkbench/plugins/fr.ac6.mcu.externaltools.arm-none.win32_1.2.0.201505291716/tools/compiler/bin/../lib/gcc/arm-none-eabi/4.9.3/armv7e-m/crti.o
                0x08001124                _fini
 .fini          0x08001128        0x8 c:/ac6/systemworkbench/plugins/fr.ac6.mcu.externaltools.arm-none.win32_1.2.0.201505291716/tools/compiler/bin/../lib/gcc/arm-none-eabi/4.9.3/armv7e-m/crtn.o
                0x08001130                . = ALIGN (0x4)
                0x08001130                _etext = .

.vfp11_veneer   0x08001130        0x0
 .vfp11_veneer  0x00000000        0x0 linker stubs

.v4_bx          0x08001130        0x0
 .v4_bx         0x00000000        0x0 linker stubs

.iplt           0x08001130        0x0
 .iplt          0x00000000        0x0 c:/ac6/systemworkbench/plugins/fr.ac6.mcu.externaltools.arm-none.win32_1.2.0.201505291716/tools/compiler/bin/../lib/gcc/arm-none-eabi/4.9.3/armv7e-m/crtbegin.o

.rodata         0x08001130        0x8
                0x08001130                . = ALIGN (0x4)
 *(.rodata)
 *(.rodata*)
 .rodata.str1.4
                0x08001130        0x4 c:/ac6/systemworkbench/plugins/fr.ac6.mcu.externaltools.arm-none.win32_1.2.0.201505291716/tools/compiler/bin/../lib/gcc/arm-none-eabi/4.9.3/../../../../arm-none-eabi/lib/armv7e-m\libc.a(lib_a-impure.o)
 .rodata._global_impure_ptr
                0x08001134        0x4 c:/ac6/systemworkbench/plugins/fr.ac6.mcu.externaltools.arm-none.win32_1.2.0.201505291716/tools/compiler/bin/../lib/gcc/arm-none-eabi/4.9.3/../../../../arm-none-eabi/lib/armv7e-m\libc.a(lib_a-impure.o)
                0x08001134                _global_impure_ptr
                0x08001138                . = ALIGN (0x4)

.rel.dyn        0x08001138        0x0
 .rel.iplt      0x00000000        0x0 c:/ac6/systemworkbench/plugins/fr.ac6.mcu.externaltools.arm-none.win32_1.2.0.201505291716/tools/compiler/bin/../lib/gcc/arm-none-eabi/4.9.3/armv7e-m/crtbegin.o

.ARM.extab
 *(.ARM.extab* .gnu.linkonce.armextab.*)

.ARM            0x08001138        0x0
                0x08001138                __exidx_start = .
 *(.ARM.exidx*)
                0x08001138                __exidx_end = .

.preinit_array  0x08001138        0x0
                0x08001138                PROVIDE (__preinit_array_start, .)
 *(.preinit_array*)
                0x08001138                PROVIDE (__preinit_array_end, .)

.init_array     0x08001138        0x8
                0x08001138                PROVIDE (__init_array_start, .)
 *(SORT(.init_array.*))
 .init_array.00000
                0x08001138        0x4 c:/ac6/systemworkbench/plugins/fr.ac6.mcu.externaltools.arm-none.win32_1.2.0.201505291716/tools/compiler/bin/../lib/gcc/arm-none-eabi/4.9.3/../../../../arm-none-eabi/lib/armv7e-m\libc.a(lib_a-__call_atexit.o)
 *(.init_array*)
 .init_array    0x0800113c        0x4 c:/ac6/systemworkbench/plugins/fr.ac6.mcu.externaltools.arm-none.win32_1.2.0.201505291716/tools/compiler/bin/../lib/gcc/arm-none-eabi/4.9.3/armv7e-m/crtbegin.o
                0x08001140                PROVIDE (__init_array_end, .)

.fini_array     0x08001140        0x4
                0x08001140                PROVIDE (__fini_array_start, .)
 *(SORT(.fini_array.*))
 *(.fini_array*)
 .fini_array    0x08001140        0x4 c:/ac6/systemworkbench/plugins/fr.ac6.mcu.externaltools.arm-none.win32_1.2.0.201505291716/tools/compiler/bin/../lib/gcc/arm-none-eabi/4.9.3/armv7e-m/crtbegin.o
                0x08001144                PROVIDE (__fini_array_end, .)
                0x08001144                _sidata = LOADADDR (.data)

.data           0x20000000      0x450 load address 0x08001144
                0x20000000                . = ALIGN (0x4)
                0x20000000                _sdata = .
 *(.data)
 .data          0x20000000       0x14 src/system_stm32f30x.o
                0x20000000                SystemCoreClock
                0x20000004                AHBPrescTable
 .data          0x20000014       0x14 Utilities/stm32f3348_discovery.o
                0x20000014                GPIO_PORT
                0x20000024                BUTTON_PORT
 *(.data*)
 .data.impure_data
                0x20000028      0x428 c:/ac6/systemworkbench/plugins/fr.ac6.mcu.externaltools.arm-none.win32_1.2.0.201505291716/tools/compiler/bin/../lib/gcc/arm-none-eabi/4.9.3/../../../../arm-none-eabi/lib/armv7e-m\libc.a(lib_a-impure.o)
                0x20000450                . = ALIGN (0x4)
                0x20000450                _edata = .
                0x08001594                _siccmram = LOADADDR (.ccmram)

.jcr            0x20000450        0x0 load address 0x08001594
 .jcr           0x20000450        0x0 c:/ac6/systemworkbench/plugins/fr.ac6.mcu.externaltools.arm-none.win32_1.2.0.201505291716/tools/compiler/bin/../lib/gcc/arm-none-eabi/4.9.3/armv7e-m/crtbegin.o

.igot.plt       0x20000450        0x0 load address 0x08001594
 .igot.plt      0x00000000        0x0 c:/ac6/systemworkbench/plugins/fr.ac6.mcu.externaltools.arm-none.win32_1.2.0.201505291716/tools/compiler/bin/../lib/gcc/arm-none-eabi/4.9.3/armv7e-m/crtbegin.o

.ccmram         0x10000000        0x0 load address 0x08001594
                0x10000000                . = ALIGN (0x4)
                0x10000000                _sccmram = .
 *(.ccmram)
 *(.ccmram*)
                0x10000000                . = ALIGN (0x4)
                0x10000000                _eccmram = .
                0x10000000                . = ALIGN (0x4)

.bss            0x20000450       0x28
                0x20000450                _sbss = .
                0x20000450                __bss_start__ = _sbss
 *(.bss)
 .bss           0x20000450       0x1c c:/ac6/systemworkbench/plugins/fr.ac6.mcu.externaltools.arm-none.win32_1.2.0.201505291716/tools/compiler/bin/../lib/gcc/arm-none-eabi/4.9.3/armv7e-m/crtbegin.o
 .bss           0x2000046c        0xc src/main.o
                0x2000046c                bright
                0x20000470                tickCounter
                0x20000474                dimmingMchn
 *(.bss*)
 *(COMMON)
                0x20000478                . = ALIGN (0x4)
                0x20000478                _ebss = .
                0x20000478                __bss_end__ = _ebss

._user_heap_stack
                0x20000478      0x600
                0x20000478                . = ALIGN (0x4)
                0x20000478                PROVIDE (end, .)
                0x20000478                PROVIDE (_end, .)
                0x20000678                . = (. + _Min_Heap_Size)
 *fill*         0x20000478      0x200 
                0x20000a78                . = (. + _Min_Stack_Size)
 *fill*         0x20000678      0x400 
                0x20000a78                . = ALIGN (0x4)

.memory_b1_text
 *(.mb1text)
 *(.mb1text*)
 *(.mb1rodata)
 *(.mb1rodata*)

/DISCARD/
 libc.a(*)
 libm.a(*)
 libgcc.a(*)

.ARM.attributes
                0x00000000       0x2a
 *(.ARM.attributes)
 .ARM.attributes
                0x00000000       0x1e c:/ac6/systemworkbench/plugins/fr.ac6.mcu.externaltools.arm-none.win32_1.2.0.201505291716/tools/compiler/bin/../lib/gcc/arm-none-eabi/4.9.3/armv7e-m/crti.o
 .ARM.attributes
                0x0000001e       0x2e c:/ac6/systemworkbench/plugins/fr.ac6.mcu.externaltools.arm-none.win32_1.2.0.201505291716/tools/compiler/bin/../lib/gcc/arm-none-eabi/4.9.3/armv7e-m/crtbegin.o
 .ARM.attributes
                0x0000004c       0x21 startup/startup_stm32f334x8.o
 .ARM.attributes
                0x0000006d       0x33 src/main.o
 .ARM.attributes
                0x000000a0       0x33 src/system_stm32f30x.o
 .ARM.attributes
                0x000000d3       0x33 Utilities/stm32f3348_discovery.o
 .ARM.attributes
                0x00000106       0x33 StdPeriph_Driver/src/stm32f30x_comp.o
 .ARM.attributes
                0x00000139       0x33 StdPeriph_Driver/src/stm32f30x_dac.o
 .ARM.attributes
                0x0000016c       0x33 StdPeriph_Driver/src/stm32f30x_exti.o
 .ARM.attributes
                0x0000019f       0x33 StdPeriph_Driver/src/stm32f30x_gpio.o
 .ARM.attributes
                0x000001d2       0x33 StdPeriph_Driver/src/stm32f30x_misc.o
 .ARM.attributes
                0x00000205       0x33 StdPeriph_Driver/src/stm32f30x_rcc.o
 .ARM.attributes
                0x00000238       0x33 StdPeriph_Driver/src/stm32f30x_syscfg.o
 .ARM.attributes
                0x0000026b       0x2e c:/ac6/systemworkbench/plugins/fr.ac6.mcu.externaltools.arm-none.win32_1.2.0.201505291716/tools/compiler/bin/../lib/gcc/arm-none-eabi/4.9.3/../../../../arm-none-eabi/lib/armv7e-m\libc.a(lib_a-impure.o)
 .ARM.attributes
                0x00000299       0x2e c:/ac6/systemworkbench/plugins/fr.ac6.mcu.externaltools.arm-none.win32_1.2.0.201505291716/tools/compiler/bin/../lib/gcc/arm-none-eabi/4.9.3/../../../../arm-none-eabi/lib/armv7e-m\libc.a(lib_a-init.o)
 .ARM.attributes
                0x000002c7       0x2e c:/ac6/systemworkbench/plugins/fr.ac6.mcu.externaltools.arm-none.win32_1.2.0.201505291716/tools/compiler/bin/../lib/gcc/arm-none-eabi/4.9.3/../../../../arm-none-eabi/lib/armv7e-m\libc.a(lib_a-__call_atexit.o)
 .ARM.attributes
                0x000002f5       0x2e c:/ac6/systemworkbench/plugins/fr.ac6.mcu.externaltools.arm-none.win32_1.2.0.201505291716/tools/compiler/bin/../lib/gcc/arm-none-eabi/4.9.3/../../../../arm-none-eabi/lib/armv7e-m\libc.a(lib_a-atexit.o)
 .ARM.attributes
                0x00000323       0x2e c:/ac6/systemworkbench/plugins/fr.ac6.mcu.externaltools.arm-none.win32_1.2.0.201505291716/tools/compiler/bin/../lib/gcc/arm-none-eabi/4.9.3/../../../../arm-none-eabi/lib/armv7e-m\libc.a(lib_a-fini.o)
 .ARM.attributes
                0x00000351       0x2e c:/ac6/systemworkbench/plugins/fr.ac6.mcu.externaltools.arm-none.win32_1.2.0.201505291716/tools/compiler/bin/../lib/gcc/arm-none-eabi/4.9.3/../../../../arm-none-eabi/lib/armv7e-m\libc.a(lib_a-__atexit.o)
 .ARM.attributes
                0x0000037f       0x1e c:/ac6/systemworkbench/plugins/fr.ac6.mcu.externaltools.arm-none.win32_1.2.0.201505291716/tools/compiler/bin/../lib/gcc/arm-none-eabi/4.9.3/armv7e-m/crtn.o
OUTPUT(led_buck_converter.elf elf32-littlearm)

.debug_line     0x00000000     0x4560
 .debug_line    0x00000000       0x7f startup/startup_stm32f334x8.o
 .debug_line    0x0000007f      0x6ee src/main.o
 .debug_line    0x0000076d      0x626 src/system_stm32f30x.o
 .debug_line    0x00000d93      0x648 Utilities/stm32f3348_discovery.o
 .debug_line    0x000013db      0x65e StdPeriph_Driver/src/stm32f30x_comp.o
 .debug_line    0x00001a39      0x720 StdPeriph_Driver/src/stm32f30x_dac.o
 .debug_line    0x00002159      0x66c StdPeriph_Driver/src/stm32f30x_exti.o
 .debug_line    0x000027c5      0x6ed StdPeriph_Driver/src/stm32f30x_gpio.o
 .debug_line    0x00002eb2      0x61b StdPeriph_Driver/src/stm32f30x_misc.o
 .debug_line    0x000034cd      0x9c0 StdPeriph_Driver/src/stm32f30x_rcc.o
 .debug_line    0x00003e8d      0x6d3 StdPeriph_Driver/src/stm32f30x_syscfg.o

.debug_info     0x00000000     0x4007
 .debug_info    0x00000000       0x7d startup/startup_stm32f334x8.o
 .debug_info    0x0000007d      0xa3d src/main.o
 .debug_info    0x00000aba      0x4a0 src/system_stm32f30x.o
 .debug_info    0x00000f5a      0x7e6 Utilities/stm32f3348_discovery.o
 .debug_info    0x00001740      0x2cc StdPeriph_Driver/src/stm32f30x_comp.o
 .debug_info    0x00001a0c      0x73e StdPeriph_Driver/src/stm32f30x_dac.o
 .debug_info    0x0000214a      0x3ad StdPeriph_Driver/src/stm32f30x_exti.o
 .debug_info    0x000024f7      0x611 StdPeriph_Driver/src/stm32f30x_gpio.o
 .debug_info    0x00002b08      0x545 StdPeriph_Driver/src/stm32f30x_misc.o
 .debug_info    0x0000304d      0xb34 StdPeriph_Driver/src/stm32f30x_rcc.o
 .debug_info    0x00003b81      0x486 StdPeriph_Driver/src/stm32f30x_syscfg.o

.debug_abbrev   0x00000000      0xf05
 .debug_abbrev  0x00000000       0x12 startup/startup_stm32f334x8.o
 .debug_abbrev  0x00000012      0x199 src/main.o
 .debug_abbrev  0x000001ab      0x14a src/system_stm32f30x.o
 .debug_abbrev  0x000002f5      0x188 Utilities/stm32f3348_discovery.o
 .debug_abbrev  0x0000047d      0x126 StdPeriph_Driver/src/stm32f30x_comp.o
 .debug_abbrev  0x000005a3      0x183 StdPeriph_Driver/src/stm32f30x_dac.o
 .debug_abbrev  0x00000726      0x17f StdPeriph_Driver/src/stm32f30x_exti.o
 .debug_abbrev  0x000008a5      0x1a8 StdPeriph_Driver/src/stm32f30x_gpio.o
 .debug_abbrev  0x00000a4d      0x14a StdPeriph_Driver/src/stm32f30x_misc.o
 .debug_abbrev  0x00000b97      0x1e8 StdPeriph_Driver/src/stm32f30x_rcc.o
 .debug_abbrev  0x00000d7f      0x186 StdPeriph_Driver/src/stm32f30x_syscfg.o

.debug_aranges  0x00000000      0x4d0
 .debug_aranges
                0x00000000       0x28 startup/startup_stm32f334x8.o
 .debug_aranges
                0x00000028       0x40 src/main.o
 .debug_aranges
                0x00000068       0x30 src/system_stm32f30x.o
 .debug_aranges
                0x00000098       0x48 Utilities/stm32f3348_discovery.o
 .debug_aranges
                0x000000e0       0x58 StdPeriph_Driver/src/stm32f30x_comp.o
 .debug_aranges
                0x00000138       0xa0 StdPeriph_Driver/src/stm32f30x_dac.o
 .debug_aranges
                0x000001d8       0x58 StdPeriph_Driver/src/stm32f30x_exti.o
 .debug_aranges
                0x00000230       0x80 StdPeriph_Driver/src/stm32f30x_gpio.o
 .debug_aranges
                0x000002b0       0x40 StdPeriph_Driver/src/stm32f30x_misc.o
 .debug_aranges
                0x000002f0      0x158 StdPeriph_Driver/src/stm32f30x_rcc.o
 .debug_aranges
                0x00000448       0x88 StdPeriph_Driver/src/stm32f30x_syscfg.o

.debug_ranges   0x00000000      0x428
 .debug_ranges  0x00000000       0x20 startup/startup_stm32f334x8.o
 .debug_ranges  0x00000020       0x30 src/main.o
 .debug_ranges  0x00000050       0x20 src/system_stm32f30x.o
 .debug_ranges  0x00000070       0x38 Utilities/stm32f3348_discovery.o
 .debug_ranges  0x000000a8       0x48 StdPeriph_Driver/src/stm32f30x_comp.o
 .debug_ranges  0x000000f0       0x90 StdPeriph_Driver/src/stm32f30x_dac.o
 .debug_ranges  0x00000180       0x48 StdPeriph_Driver/src/stm32f30x_exti.o
 .debug_ranges  0x000001c8       0x70 StdPeriph_Driver/src/stm32f30x_gpio.o
 .debug_ranges  0x00000238       0x30 StdPeriph_Driver/src/stm32f30x_misc.o
 .debug_ranges  0x00000268      0x148 StdPeriph_Driver/src/stm32f30x_rcc.o
 .debug_ranges  0x000003b0       0x78 StdPeriph_Driver/src/stm32f30x_syscfg.o

.debug_macro    0x00000000    0x11d70
 .debug_macro   0x00000000      0x1c9 src/main.o
 .debug_macro   0x000001c9      0x892 src/main.o
 .debug_macro   0x00000a5b       0x76 src/main.o
 .debug_macro   0x00000ad1       0x3b src/main.o
 .debug_macro   0x00000b0c       0x22 src/main.o
 .debug_macro   0x00000b2e       0x44 src/main.o
 .debug_macro   0x00000b72       0x1c src/main.o
 .debug_macro   0x00000b8e      0x1f7 src/main.o
 .debug_macro   0x00000d85       0x2d src/main.o
 .debug_macro   0x00000db2       0x42 src/main.o
 .debug_macro   0x00000df4      0xd39 src/main.o
 .debug_macro   0x00001b2d     0x9390 src/main.o
 .debug_macro   0x0000aebd      0x5a6 src/main.o
 .debug_macro   0x0000b463      0x3cf src/main.o
 .debug_macro   0x0000b832       0x46 src/main.o
 .debug_macro   0x0000b878      0x277 src/main.o
 .debug_macro   0x0000baef      0x1b6 src/main.o
 .debug_macro   0x0000bca5       0x8e src/main.o
 .debug_macro   0x0000bd33      0x3a8 src/main.o
 .debug_macro   0x0000c0db      0x114 src/main.o
 .debug_macro   0x0000c1ef      0x1e4 src/main.o
 .debug_macro   0x0000c3d3      0x1bd src/main.o
 .debug_macro   0x0000c590     0x13d6 src/main.o
 .debug_macro   0x0000d966      0x264 src/main.o
 .debug_macro   0x0000dbca      0x29a src/main.o
 .debug_macro   0x0000de64       0x70 src/main.o
 .debug_macro   0x0000ded4      0x10c src/main.o
 .debug_macro   0x0000dfe0       0xb8 src/main.o
 .debug_macro   0x0000e098      0x66e src/main.o
 .debug_macro   0x0000e706      0x551 src/main.o
 .debug_macro   0x0000ec57      0x3ab src/main.o
 .debug_macro   0x0000f002      0x8d8 src/main.o
 .debug_macro   0x0000f8da      0x364 src/main.o
 .debug_macro   0x0000fc3e       0x34 src/main.o
 .debug_macro   0x0000fc72       0x89 src/main.o
 .debug_macro   0x0000fcfb       0x35 src/main.o
 .debug_macro   0x0000fd30       0x88 src/main.o
 .debug_macro   0x0000fdb8      0x188 src/system_stm32f30x.o
 .debug_macro   0x0000ff40      0x191 Utilities/stm32f3348_discovery.o
 .debug_macro   0x000100d1       0x82 Utilities/stm32f3348_discovery.o
 .debug_macro   0x00010153      0x194 StdPeriph_Driver/src/stm32f30x_comp.o
 .debug_macro   0x000102e7      0x271 StdPeriph_Driver/src/stm32f30x_comp.o
 .debug_macro   0x00010558      0x1c1 StdPeriph_Driver/src/stm32f30x_dac.o
 .debug_macro   0x00010719      0x1b0 StdPeriph_Driver/src/stm32f30x_dac.o
 .debug_macro   0x000108c9      0x192 StdPeriph_Driver/src/stm32f30x_exti.o
 .debug_macro   0x00010a5b      0x10e StdPeriph_Driver/src/stm32f30x_exti.o
 .debug_macro   0x00010b69      0x190 StdPeriph_Driver/src/stm32f30x_gpio.o
 .debug_macro   0x00010cf9      0x1b7 StdPeriph_Driver/src/stm32f30x_gpio.o
 .debug_macro   0x00010eb0      0x192 StdPeriph_Driver/src/stm32f30x_misc.o
 .debug_macro   0x00011042       0x83 StdPeriph_Driver/src/stm32f30x_misc.o
 .debug_macro   0x000110c5      0x229 StdPeriph_Driver/src/stm32f30x_rcc.o
 .debug_macro   0x000112ee      0x668 StdPeriph_Driver/src/stm32f30x_rcc.o
 .debug_macro   0x00011956      0x1bc StdPeriph_Driver/src/stm32f30x_syscfg.o
 .debug_macro   0x00011b12      0x25e StdPeriph_Driver/src/stm32f30x_syscfg.o

.debug_str      0x00000000    0x71a02
 .debug_str     0x00000000    0x6fc3a src/main.o
                              0x6fdef (size before relaxing)
 .debug_str     0x0006fc3a      0x15f src/system_stm32f30x.o
                              0x6f670 (size before relaxing)
 .debug_str     0x0006fd99      0x62e Utilities/stm32f3348_discovery.o
                              0x6ff4b (size before relaxing)
 .debug_str     0x000703c7       0xfc StdPeriph_Driver/src/stm32f30x_comp.o
                              0x6f656 (size before relaxing)
 .debug_str     0x000704c3      0x2d3 StdPeriph_Driver/src/stm32f30x_dac.o
                              0x6f8bd (size before relaxing)
 .debug_str     0x00070796      0x11e StdPeriph_Driver/src/stm32f30x_exti.o
                              0x6f6fa (size before relaxing)
 .debug_str     0x000708b4      0x16c StdPeriph_Driver/src/stm32f30x_gpio.o
                              0x6f80b (size before relaxing)
 .debug_str     0x00070a20      0x16b StdPeriph_Driver/src/stm32f30x_misc.o
                              0x6f75d (size before relaxing)
 .debug_str     0x00070b8b      0xa59 StdPeriph_Driver/src/stm32f30x_rcc.o
                              0x70049 (size before relaxing)
 .debug_str     0x000715e4      0x41e StdPeriph_Driver/src/stm32f30x_syscfg.o
                              0x6f969 (size before relaxing)

.comment        0x00000000       0x70
 .comment       0x00000000       0x70 src/main.o
                                 0x71 (size before relaxing)
 .comment       0x00000000       0x71 src/system_stm32f30x.o
 .comment       0x00000000       0x71 Utilities/stm32f3348_discovery.o
 .comment       0x00000000       0x71 StdPeriph_Driver/src/stm32f30x_comp.o
 .comment       0x00000000       0x71 StdPeriph_Driver/src/stm32f30x_dac.o
 .comment       0x00000000       0x71 StdPeriph_Driver/src/stm32f30x_exti.o
 .comment       0x00000000       0x71 StdPeriph_Driver/src/stm32f30x_gpio.o
 .comment       0x00000000       0x71 StdPeriph_Driver/src/stm32f30x_misc.o
 .comment       0x00000000       0x71 StdPeriph_Driver/src/stm32f30x_rcc.o
 .comment       0x00000000       0x71 StdPeriph_Driver/src/stm32f30x_syscfg.o

.debug_frame    0x00000000     0x13cc
 .debug_frame   0x00000000       0xbc src/main.o
 .debug_frame   0x000000bc       0x7c src/system_stm32f30x.o
 .debug_frame   0x00000138       0xf4 Utilities/stm32f3348_discovery.o
 .debug_frame   0x0000022c      0x150 StdPeriph_Driver/src/stm32f30x_comp.o
 .debug_frame   0x0000037c      0x2b4 StdPeriph_Driver/src/stm32f30x_dac.o
 .debug_frame   0x00000630      0x148 StdPeriph_Driver/src/stm32f30x_exti.o
 .debug_frame   0x00000778      0x214 StdPeriph_Driver/src/stm32f30x_gpio.o
 .debug_frame   0x0000098c       0xd8 StdPeriph_Driver/src/stm32f30x_misc.o
 .debug_frame   0x00000a64      0x634 StdPeriph_Driver/src/stm32f30x_rcc.o
 .debug_frame   0x00001098      0x230 StdPeriph_Driver/src/stm32f30x_syscfg.o
 .debug_frame   0x000012c8       0x2c c:/ac6/systemworkbench/plugins/fr.ac6.mcu.externaltools.arm-none.win32_1.2.0.201505291716/tools/compiler/bin/../lib/gcc/arm-none-eabi/4.9.3/../../../../arm-none-eabi/lib/armv7e-m\libc.a(lib_a-init.o)
 .debug_frame   0x000012f4       0x50 c:/ac6/systemworkbench/plugins/fr.ac6.mcu.externaltools.arm-none.win32_1.2.0.201505291716/tools/compiler/bin/../lib/gcc/arm-none-eabi/4.9.3/../../../../arm-none-eabi/lib/armv7e-m\libc.a(lib_a-__call_atexit.o)
 .debug_frame   0x00001344       0x20 c:/ac6/systemworkbench/plugins/fr.ac6.mcu.externaltools.arm-none.win32_1.2.0.201505291716/tools/compiler/bin/../lib/gcc/arm-none-eabi/4.9.3/../../../../arm-none-eabi/lib/armv7e-m\libc.a(lib_a-atexit.o)
 .debug_frame   0x00001364       0x34 c:/ac6/systemworkbench/plugins/fr.ac6.mcu.externaltools.arm-none.win32_1.2.0.201505291716/tools/compiler/bin/../lib/gcc/arm-none-eabi/4.9.3/../../../../arm-none-eabi/lib/armv7e-m\libc.a(lib_a-fini.o)
 .debug_frame   0x00001398       0x34 c:/ac6/systemworkbench/plugins/fr.ac6.mcu.externaltools.arm-none.win32_1.2.0.201505291716/tools/compiler/bin/../lib/gcc/arm-none-eabi/4.9.3/../../../../arm-none-eabi/lib/armv7e-m\libc.a(lib_a-__atexit.o)
